PREHOOK: query: -- EXCLUDE_HADOOP_MAJOR_VERSIONS(0.20)

FROM src SELECT TRANSFORM(key, value) USING 'script_does_not_exist' AS (key, value)
PREHOOK: type: QUERY
PREHOOK: Input: default@src
#### A masked pattern was here ####
FAILED: Execution Error, return code 2 from org.apache.hadoop.hive.ql.exec.MapRedTask
